// Jest Snapshot v1, https://goo.gl/fbAQLP

exports[`It renders App 1`] = `
Array [
  <header>
    <header
      className="MuiPaper-root MuiPaper-elevation4 MuiAppBar-root MuiAppBar-positionSticky MuiAppBar-colorPrimary"
    >
      Greenfield Logo
    </header>
  </header>,
  <div
    className="MuiContainer-root MuiContainer-maxWidthLg"
  >
    <div>
      <main>
        <br />
        <br />
        <br />
        <div
          className="MuiPaper-root MuiPaper-elevation1 MuiCard-root makeStyles-card-44 MuiPaper-rounded"
        >
          <button
            className="MuiButtonBase-root MuiCardActionArea-root"
            onBlur={[Function]}
            onDragLeave={[Function]}
            onFocus={[Function]}
            onKeyDown={[Function]}
            onKeyUp={[Function]}
            onMouseDown={[Function]}
            onMouseLeave={[Function]}
            onMouseUp={[Function]}
            onTouchEnd={[Function]}
            onTouchMove={[Function]}
            onTouchStart={[Function]}
            tabIndex={0}
            type="button"
          >
            <div
              className="MuiCardMedia-root makeStyles-media-45"
              title=""
            />
            <div
              className="MuiCardContent-root"
            >
              <h2
                className="MuiTypography-root MuiTypography-h5 MuiTypography-gutterBottom"
              />
              <p
                className="MuiTypography-root MuiTypography-body2 MuiTypography-colorTextSecondary"
              >
                camo onsie camo onsie camo onsie camo onsie camo onsie camo onsie camo onsie camo onsie
              </p>
            </div>
            <span
              className="MuiCardActionArea-focusHighlight"
            />
          </button>
        </div>
      </main>
    </div>
    <div>
      <h5>
         Reviews Section 
      </h5>
    </div>
  </div>,
]
`;
